[hx-advisorindex.com/index.html]
[backblue.gif]
[fade.gif]
[index.html]
[hx-advisorindex.com/css/app8d908d90.css]
[hx-advisorindex.com/images/FSP_AR_logo.gif]
[cdnjs.cloudflare.com/ajax/libs/font-awesome/6.5.2/css/all.min.css]
[hx-advisorindex.com/advisor-certificates.html]
[hx-advisorindex.com/partners.html]
[hx-advisorindex.com/contact.html]
[hx-advisorindex.com/financial-advisors/profile1834.html]
[hx-advisorindex.com/financial-advisors/profile3ccc.html]
[hx-advisorindex.com/financial-advisors/profile90fd.html]
[hx-advisorindex.com/financial-advisors/profilee45d.html]
[hx-advisorindex.com/financial-advisors/profile99a7.html]
[hx-advisorindex.com/financial-advisors/profilebea1.html]
[hx-advisorindex.com/articles/social-security-cost-of-living-adjustments.html]
[hx-advisorindex.com/articles/the-retirement-savings-contribution-credit-and-the-savers-match.html]
[hx-advisorindex.com/articles/529-plans-learn-the-tax-and-financial-planning-benefits-of-college-savings.html]
[hx-advisorindex.com/privacy.html]
[hx-advisorindex.com/terms-of-use.html]
[hx-advisorindex.com/js/app47524752.js]
[hx-advisorindex.com/index.html]
[hx-advisorindex.com/images/icon.html]
[hx-advisorindex.com/images/branding/favicon/site.html]
[hx-advisorindex.com/images/branding/favicon/safari-pinned-tab.html]
[hx-advisorindex.com/images/branding/advisor_registry_default_og.html]
[hx-advisorindex.com/houston-texas.html]
[hx-advisorindex.com/css/app8d908d90.css]
[cdnjs.cloudflare.com/ajax/libs/font-awesome/6.5.2/css/all.min.css]
[hx-advisorindex.com/pagead2.googlesyndication.com/pagead/js/f.html]
[advisor-registry.org/images/branding/favicon/apple-touch-icon.png]
[advisor-registry.org/images/branding/favicon/favicon-32x32.png]
[advisor-registry.org/images/branding/favicon/favicon-16x16.png]
[advisor-registry.org/images/branding/advisor_registry_default_og.png]
[advisor-registry.org/css/app8d90.css]
[kit.fontawesome.com/0109c2cbe4.js]
[pagead2.googlesyndication.com/pagead/js/f.txt]
[advisor-registry.org/images/branding/FSP_AR_logo.gif]
[advisor-registry.org/images/layout/certificates/certificate-ria.png]
[advisor-registry.org/images/layout/certificates/certificate-rr.png]
[advisor-registry.org/images/layout/certificates/certificate-eagle.png]
[advisor-registry.org/js/app4752.js]
[hx-advisorindex.com/advisor-certificates.html]
[wsmcdn.audioeye.com/aem.js]
[cpadirectory.nyc3.cdn.digitaloceanspaces.com/public/admin_uploads/company/3/logo-image/3_1603980208.jpg]
[hx-advisorindex.com/partners.html]
[hx-advisorindex.com/index-2.html]
[hx-advisorindex.com/contact.html]
[advisor-registry.org/css/app.css]
[www.google.com/recaptcha/apifef7.js]
[hx-advisorindex.com/financial-advisors/profile1834.html]
[hx-advisorindex.com/financial-advisors/profile3ccc.html]
[hx-advisorindex.com/financial-advisors/profile90fd.html]
[hx-advisorindex.com/financial-advisors/profilee45d.html]
[hx-advisorindex.com/financial-advisors/profile99a7.html]
[hx-advisorindex.com/financial-advisors/profilebea1.html]
[hx-advisorindex.com/financial-advisors/profilecac6.php]
[hx-advisorindex.com/articles/img/102.jpg]
[hx-advisorindex.com/articles/img/factsfeelingspodcast.jpg]
[hx-advisorindex.com/articles/img/frameworkpodcast.jpg]
[hx-advisorindex.com/articles/social-security-cost-of-living-adjustments.html]
[hx-advisorindex.com/articles/img/retirement.jpg]
[hx-advisorindex.com/articles/the-retirement-savings-contribution-credit-and-the-savers-match.html]
[hx-advisorindex.com/articles/img/529.jpg]
[hx-advisorindex.com/articles/529-plans-learn-the-tax-and-financial-planning-benefits-of-college-savings.html]
[hx-advisorindex.com/privacy.html]
[advisorregistry.nyc3.cdn.digitaloceanspaces.com/app/images/advertisement/RSSA/RSSA_0922.jpg]
[hx-advisorindex.com/terms-of-use.html]
[hx-advisorindex.com/wsmcdn.audioeye.com/aem.html]
[hx-advisorindex.com/images/common/find-a-cpa.html]
[hx-advisorindex.com/images/layout/home/cpadirectory-devices.html]
[hx-advisorindex.com/images/layout/for-accountants/app-phone.html]
[hx-advisorindex.com/images/layout/home/home-header.html]
[hx-advisorindex.com/images/layout/for-accountants/for-accountants-hero.html]
[hx-advisorindex.com/images/layout/upgrade-listing/upgrade-hero.html]
[hx-advisorindex.com/images/layout/advertise/advertise-hero.html]
[hx-advisorindex.com/images/layout/osh/osh-hero.html]
[hx-advisorindex.com/images/layout/verification/verification-hero.html]
[hx-advisorindex.com/images/layout/find-an-advisor/find-an-advisor-hero.html]
[hx-advisorindex.com/images/layout/resources/resources-hero.html]
[hx-advisorindex.com/images/layout/contact/contact-hero.html]
[hx-advisorindex.com/advisorregistry.nyc3.digitaloceanspaces.com/app/images/common/financial-advice.html]
[hx-advisorindex.com/images/layout/for-accountants/using-search.html]
[hx-advisorindex.com/images/layout/for-accountants/accountant.html]
[hx-advisorindex.com/images/layout/osh/infrastructure.html]
[hx-advisorindex.com/images/layout/certificates/certificate.html]
[advisor-registry.org/images/common/find-a-cpa.jpg]
[advisor-registry.org/images/layout/home/cpadirectory-devices.jpg]
[advisor-registry.org/images/layout/for-accountants/app-phone.jpg]
[advisor-registry.org/images/layout/home/home-header.jpg]
[advisor-registry.org/images/layout/for-accountants/for-accountants-hero.jpg]
[advisor-registry.org/images/layout/upgrade-listing/upgrade-hero.jpg]
[advisor-registry.org/images/layout/advertise/advertise-hero.jpg]
[advisor-registry.org/images/layout/osh/osh-hero.jpg]
[advisor-registry.org/images/layout/verification/verification-hero.jpg]
[advisor-registry.org/images/layout/find-an-advisor/find-an-advisor-hero.jpg]
[advisor-registry.org/images/layout/resources/resources-hero.jpg]
[advisor-registry.org/images/layout/contact/contact-hero.jpg]
[advisor-registry.org/css/app8d90.css]
[hx-advisorindex.com/images/branding/favicon/apple-touch-icon.html]
[hx-advisorindex.com/images/branding/favicon/favicon-32x32.html]
[hx-advisorindex.com/images/branding/favicon/favicon-16x16.html]
[hx-advisorindex.com/cdn.polyfill.io/v2/polyfill.min.html]
[hx-advisorindex.com/kit.fontawesome.com/0109c2cbe4.html]
[hx-advisorindex.com/index-2.html]
[hx-advisorindex.com/www.google.com/recaptcha/apifef7fef7.html]
[hx-advisorindex.com/houston-texas4658.html]
[advisor-registry.org/css/app.css]
[hx-advisorindex.com/financial-advisors/profilecac6.php]
[hx-advisorindex.com/advisorregistry.nyc3.cdn.digitaloceanspaces.com/public/user_uploads/articles/102/102_1706201299.html]
[hx-advisorindex.com/articles/102.html]
[hx-advisorindex.com/platform-api.sharethis.com/js/sharethis.html]
[hx-advisorindex.com/advisorregistry.nyc3.cdn.digitaloceanspaces.com/public/user_uploads/articles/101/101_1706199615.html]
[hx-advisorindex.com/articles/101.html]
[hx-advisorindex.com/articles/100.html]
[hx-advisorindex.com/advisorregistry.nyc3.cdn.digitaloceanspaces.com/public/admin_uploads/company/47/logo-image/47_1674772291.html]
[hx-advisorindex.com/advisorregistry.nyc3.cdn.digitaloceanspaces.com/app/images/advertisement/RSSA/RSSA_0922.html]
[hx-advisorindex.com/advisors/add-my-listing.html]
[advisor-registry.org/images/layout/for-accountants/for-accountants-hero.html]
[advisor-registry.org/images/layout/advertise/advertise-hero.html]
[hx-advisorindex.com/advisorregistry.nyc3.cdn.digitaloceanspaces.com/public/user_uploads/articles/100/100_1706199363.jpg]
[cdn.polyfill.io/v2/polyfill.min.js]
